Player 1:
Downloaded: 0D, 0V
Abilities: 5
a: V1   b: V2   c: V3   d: V4
e: D1   f: D2   g: D3   h: D4
========
abcSSfgh
...de...
........
........
........
........
...DE...
ABCSSFGH
========
Player 2:
Downloaded: 0D, 0V
Abilities: 5
A: ?    B: ?    C: ?    D: ?
E: ?    F: ?    G: ?    H: ?

Player 1's Abilities:
1: Link Boost, Unused
2: Firewall, Unused
3: Download, Unused
4: Scan, Unused
5: Polarize, Unused

Player 1:
Downloaded: 0D, 0V
Abilities: 4
a: V1   b: V2   c: V3   d: V4
e: D1   f: D2   g: D3   h: D4
========
abcSSfgh
...de...
........
........
........
........
...DE...
ABCSSFGH
========
Player 2:
Downloaded: 0D, 0V
Abilities: 5
A: V1   B: ?    C: ?    D: ?
E: ?    F: ?    G: ?    H: ?

Player 2's Abilities:
1: Link Boost, Unused
2: Firewall, Unused
3: Download, Unused
4: Scan, Unused
5: Polarize, Unused

Player 1:
Downloaded: 0D, 0V
Abilities: 4
a: ?    b: ?    c: ?    d: ?
e: ?    f: ?    g: ?    h: D4
========
.bcSSfgh
a..de...
........
........
........
........
...DE...
ABCSSFGH
========
Player 2:
Downloaded: 0D, 0V
Abilities: 4
A: V1   B: V2   C: V3   D: V4
E: D1   F: D2   G: D3   H: D4

