abc..fgh
...de...
........
........
........
........
...DE...
ABC..FGH
.bc..fgh
a..de...
........
........
........
........
A..DE...
.BC..FGH
