Player 1:
Downloaded: 0D, 0V
Abilities: 5
a: V1   b: V2   c: V3   d: V4
e: D1   f: D2   g: D3   h: D4
========
abcSSfgh
...de...
........
........
........
........
...DE...
ABCSSFGH
========
Player 2:
Downloaded: 0D, 0V
Abilities: 5
A: ?    B: ?    C: ?    D: ?
E: ?    F: ?    G: ?    H: ?

Player 1:
Downloaded: 0D, 0V
Abilities: 5
a: V1   b: V2   c: V3   d: V4
e: D1   f: D2   g: D3   h: D4
========
abcSSfgh
...de...
........
........
........
........
...DE...
ABCSSFGH
========
Player 2:
Downloaded: 0D, 0V
Abilities: 5
A: ?    B: ?    C: ?    D: ?
E: ?    F: ?    G: ?    H: ?

Player 1:
Downloaded: 0D, 0V
Abilities: 5
a: V1   b: V2   c: V3   d: V4
e: D1   f: D2   g: D3   h: D4
========
.bcSSfgh
a..de...
........
........
........
........
A..DE...
.BCSSFGH
========
Player 2:
Downloaded: 0D, 0V
Abilities: 5
A: ?    B: ?    C: ?    D: ?
E: ?    F: ?    G: ?    H: ?

Invalid ability

Player 1:
Downloaded: 0D, 0V
Abilities: 4
a: D1   b: V2   c: V3   d: V4
e: D1   f: D2   g: D3   h: D4
========
.bcSSfgh
a..de...
........
........
........
........
A..DE...
.BCSSFGH
========
Player 2:
Downloaded: 0D, 0V
Abilities: 5
A: ?    B: ?    C: ?    D: ?
E: ?    F: ?    G: ?    H: ?

Player 1:
Downloaded: 0D, 0V
Abilities: 4
a: D1   b: V2   c: V3   d: V4
e: D1   f: D2   g: D3   h: D4
========
.bcSSfgh
a..de...
........
........
........
........
A..DE...
.BCSSFGH
========
Player 2:
Downloaded: 0D, 0V
Abilities: 5
A: ?    B: ?    C: ?    D: ?
E: ?    F: ?    G: ?    H: ?

Cannot move opponent's piece

Player 1:
Downloaded: 0D, 0V
Abilities: 4
a: D1   b: V2   c: V3   d: V4
e: D1   f: D2   g: D3   h: D4
========
abcSSfgh
...de...
........
........
........
........
A..DEF..
.BCSS.GH
========
Player 2:
Downloaded: 0D, 0V
Abilities: 5
A: ?    B: ?    C: ?    D: ?
E: ?    F: ?    G: ?    H: ?

