Player 1:
Downloaded: 0D, 0V
Abilities: 5
a: D1   b: D2   c: D3   d: D4
e: V1   f: V2   g: V3   h: V4
========
abcSSfgh
...de...
........
........
........
........
...DE...
ABCSSFGH
========
Player 2:
Downloaded: 0D, 0V
Abilities: 5
A: ?    B: ?    C: ?    D: ?
E: ?    F: ?    G: ?    H: ?

Invalid move

Invalid move

Cannot move a link onto another of your links

Cannot move opponent's piece

Invalid move

Invalid move

Cannot move a link onto another of your links

Cannot move opponent's piece

Player 1:
Downloaded: 0D, 0V
Abilities: 5
a: D1   b: D2   c: D3   d: D4
e: V1   f: V2   g: V3   h: V4
========
.bcSSfgh
a..de...
........
........
........
........
A..DE...
.BCSSFGH
========
Player 2:
Downloaded: 0D, 0V
Abilities: 5
A: ?    B: ?    C: ?    D: ?
E: ?    F: ?    G: ?    H: ?

Player 1:
Downloaded: 0D, 0V
Abilities: 5
a: D1   b: D2   c: D3   d: D4
e: V1   f: V2   g: V3   h: V4
========
.bcSSfgh
...de...
........
a.......
A.......
........
...DE...
.BCSSFGH
========
Player 2:
Downloaded: 0D, 0V
Abilities: 5
A: ?    B: ?    C: ?    D: ?
E: ?    F: ?    G: ?    H: ?

Player 1:
Downloaded: 1D, 0V
Abilities: 5
a: D1   b: ?    c: ?    d: ?
e: ?    f: ?    g: ?    h: ?
========
.bcSSfgh
...de...
........
........
a.......
........
...DE...
.BCSSFGH
========
Player 2:
Downloaded: 0D, 0V
Abilities: 5
A: D1   B: D2   C: D3   D: D4
E: V1   F: V2   G: V3   H: V4

Player 1:
Downloaded: 1D, 0V
Abilities: 5
a: D1   b: D2   c: D3   d: D4
e: V1   f: V2   g: V3   h: V4
========
.bcSSfgh
...de...
........
........
a.......
........
.B.DE...
..CSSFGH
========
Player 2:
Downloaded: 0D, 0V
Abilities: 5
A: D1   B: ?    C: ?    D: ?
E: ?    F: ?    G: ?    H: ?

