Player 1's Abilities:
1: Link Boost, Unused
2: Firewall, Unused
3: Download, Unused
4: Scan, Unused
5: Polarize, Unused

Player 1's Abilities:
1: Link Boost, Unused
2: Firewall, Unused
3: Download, Unused
4: Scan, Used
5: Polarize, Unused

Player 2's Abilities:
1: Link Boost, Unused
2: Firewall, Unused
3: Download, Unused
4: Scan, Unused
5: Polarize, Unused

Player 2's Abilities:
1: Link Boost, Unused
2: Firewall, Used
3: Download, Unused
4: Scan, Unused
5: Polarize, Unused

Player 1's Abilities:
1: Link Boost, Unused
2: Firewall, Unused
3: Download, Unused
4: Scan, Used
5: Polarize, Unused

Invalid use of ability

Player 1's Abilities:
1: Link Boost, Unused
2: Firewall, Unused
3: Download, Unused
4: Scan, Used
5: Polarize, Unused

Ability is unavailable

Player 1's Abilities:
1: Link Boost, Unused
2: Firewall, Unused
3: Download, Unused
4: Scan, Used
5: Polarize, Unused

Player 1's Abilities:
1: Link Boost, Unused
2: Firewall, Unused
3: Download, Unused
4: Scan, Used
5: Polarize, Used

Player 2's Abilities:
1: Link Boost, Unused
2: Firewall, Used
3: Download, Unused
4: Scan, Unused
5: Polarize, Unused

Invalid use of ability

Player 2's Abilities:
1: Link Boost, Unused
2: Firewall, Used
3: Download, Unused
4: Scan, Used
5: Polarize, Unused

