Player 1's Abilities:
1: Firewall, Unused
2: Download, Unused
3: Link Boost, Unused
4: Scan, Unused
5: Polarize, Unused
Player 1's Abilities:
1: Firewall, Unused
2: Download, Unused
3: Link Boost, Unused
4: Scan, Used
5: Polarize, Unused
Player 2's Abilities:
1: Firewall, Unused
2: Download, Unused
3: Link Boost, Unused
4: Scan, Unused
5: Polarize, Unused
Player 2's Abilities:
1: Firewall, Used
2: Download, Unused
3: Link Boost, Unused
4: Scan, Unused
5: Polarize, Unused
Player 1's Abilities:
1: Firewall, Unused
2: Download, Unused
3: Link Boost, Unused
4: Scan, Used
5: Polarize, Unused
Player 1's Abilities:
1: Firewall, Unused
2: Download, Unused
3: Link Boost, Used
4: Scan, Used
5: Polarize, Unused
invalid ability
Only use one ability per turn
Player 2's Abilities:
1: Firewall, Used
2: Download, Unused
3: Link Boost, Unused
4: Scan, Unused
5: Polarize, Unused
Only use one ability per turn
